// Jest Snapshot v1, https://goo.gl/fbAQLP

exports[`Todo matches snapshot 1`] = `
<DocumentFragment>
  <div
    class="Todo"
  >
    <ul>
      <li
        class="Todo-todo"
      />
      Discription:  -
      <button
        id="removeBox"
      >
         X
      </button>
    </ul>
  </div>
</DocumentFragment>
`;
